<html>
<body>
<pre>
<h1>µVision Build Log</h1>
<h2>Project:</h2>
D:\210905416_210905408\Lab-6\week6.uvproj
Project File Date:  04/05/2023

<h2>Output:</h2>
Build target 'Target 1'
compiling q1.c...
linking...
Program Size: Code=1452 RO-data=236 RW-data=52 ZI-data=612  
FromELF: creating hex file...
".\week6.axf" - 0 Error(s), 0 Warning(s).
</pre>
</body>
</html>
FromELF: creating hex file...
".\week6.axf" - 0 Error(s), 1 Warning(s).
arr[2]>=0;arr[2]--){
q1.c(19): warning:  #186-D: pointless comparison of unsigned integer with zero
                                for(arr[1]=9;arr[1]>=0;arr[1]--){
q1.c(20): warning:  #186-D: pointless comparison of unsigned integer with zero
                                        for(arr[0]=9;arr[0]>=0;arr[0]--){
q1.c: 4 warnings, 0 errors
linking...
Program Size: Code=1380 RO-data=236 RW-data=84 ZI-data=612  
FromELF: creating hex file...
".\week6.axf" - 0 Error(s), 4 Warning(s).
c: 4 warnings, 2 errors
".\week6.axf" - 2 Error(s), 4 Warning(s).
Target not created
