<html>
<body>
<pre>
<h1>µVision Build Log</h1>
<h2>Project:</h2>
D:\210905416_210905408\wek6.uvproj
Project File Date:  03/29/2023

<h2>Output:</h2>
Build target 'Target 1'
compiling Q3.c...
Q3.c(24): warning:  #111-D: statement is unreachable
  return 0;
Q3.c: 1 warning, 0 errors
linking...
Program Size: Code=1288 RO-data=296 RW-data=16 ZI-data=608  
FromELF: creating hex file...
".\wek6.axf" - 0 Error(s), 1 Warning(s).
</pre>
</body>
</html>
bol __ARM_use_no_argv multiply defined (by q2.o and q1.o).
.\wek6.axf: Error: L6200E: Symbol main multiply defined (by q2.o and q1.o).
Not enough information to list image symbols.
Not enough information to list the image map.
Finished: 2 information, 0 warning and 2 error messages.
".\wek6.axf" - 2 Error(s), 2 Warning(s).
Target not created
